// Jest Snapshot v1, https://goo.gl/fbAQLP

exports[`Pruebas en el componente <GifExpertApp/> Deber√° hacer match con el snapshot 1`] = `
<div>
  <h1>
    GifExpertApp
  </h1>
  <form
    aria-label="formElement"
  >
    <input
      placeholder="Buscar gifs"
      type="text"
      value=""
    />
  </form>
  <h3>
    dragon ball
  </h3>
  <h2>
    Cargando...
  </h2>
  <div
    class="card-grid"
  />
</div>
`;
